held-out S1 entities: 221,129; EXACT per-S1 macro F0.5 = 0.9883   (simulation used for tuning: ~0.9887 on this population)
points lost in total: 2,584 of 221,129 S1  (0.0117)

where the points are lost (by S1 type):
shape: (5, 5)
┌─────────────────────────────────┬────────┬─────────────┬────────────┬───────────────┐
│ type                            ┆ S1     ┆ points_lost ┆ mean_score ┆ share_of_loss │
│ ---                             ┆ ---    ┆ ---         ┆ ---        ┆ ---           │
│ str                             ┆ u32    ┆ f64         ┆ f64        ┆ f64           │
╞═════════════════════════════════╪════════╪═════════════╪════════════╪═══════════════╡
│ 0 perfect                       ┆ 185719 ┆ 0.0         ┆ 1.0        ┆ 0.0           │
│ 1 S1 with NO true match         ┆ 12157  ┆ 131.0       ┆ 0.989      ┆ 0.051         │
│ 2 missing members only (FN)     ┆ 21615  ┆ 2095.0      ┆ 0.903      ┆ 0.811         │
│ 3 extra wrong members only (FP… ┆ 1475   ┆ 309.0       ┆ 0.79       ┆ 0.12          │
│ 4 missing AND wrong members     ┆ 163    ┆ 49.0        ┆ 0.701      ┆ 0.019         │
└─────────────────────────────────┴────────┴─────────────┴────────────┴───────────────┘

S1 with matches, by true group size (6 = 6+):
shape: (6, 6)
┌────────────┬───────┬────────────┬─────────────┬────────────────────┬──────────────────┐
│ group_size ┆ S1    ┆ mean_score ┆ points_lost ┆ share_missing_some ┆ share_with_extra │
│ ---        ┆ ---   ┆ ---        ┆ ---         ┆ ---                ┆ ---              │
│ i32        ┆ u32   ┆ f64        ┆ f64         ┆ f64                ┆ f64              │
╞════════════╪═══════╪════════════╪═════════════╪════════════════════╪══════════════════╡
│ 1          ┆ 11886 ┆ 0.9672     ┆ 389.0       ┆ 0.029              ┆ 0.008            │
│ 2          ┆ 37548 ┆ 0.9864     ┆ 511.0       ┆ 0.059              ┆ 0.008            │
│ 3          ┆ 53433 ┆ 0.9889     ┆ 593.0       ┆ 0.089              ┆ 0.009            │
│ 4          ┆ 48345 ┆ 0.9905     ┆ 460.0       ┆ 0.116              ┆ 0.007            │
│ 5          ┆ 32389 ┆ 0.9912     ┆ 285.0       ┆ 0.136              ┆ 0.007            │
│ 6          ┆ 25371 ┆ 0.9915     ┆ 215.0       ┆ 0.175              ┆ 0.008            │
└────────────┴───────┴────────────┴─────────────┴────────────────────┴──────────────────┘

S1 with no true match: 12,157 (5.5%); wrongly given >= 1 record: 131 -> each scores 0
true (S1, record) links missed: 23,856 of 766,438 (3.11%)
