name-only extras: 1,327,530 rows
model ranker_cd.txt: 58 features; cross-encoder scores: yes
9,969,589 test records in 200 chunks; dense rows 99,695,890 (29s)
  chunk 1/200  (47s)
  chunk 11/200  (209s)
  chunk 21/200  (366s)
  chunk 31/200  (520s)
  chunk 41/200  (645s)
  chunk 51/200  (772s)
  chunk 61/200  (943s)
  chunk 71/200  (1103s)
  chunk 81/200  (1273s)
  chunk 91/200  (1444s)
  chunk 101/200  (1566s)
  chunk 111/200  (1692s)
  chunk 121/200  (1806s)
  chunk 131/200  (1920s)
  chunk 141/200  (2033s)
  chunk 151/200  (2141s)
  chunk 161/200  (2247s)
  chunk 171/200  (2352s)
  chunk 181/200  (2458s)
  chunk 191/200  (2566s)
scored (2656s)
